Archive member included to satisfy reference by file (symbol)

d:/intelFPGA_lite/GYH-WORK/Labs_and_reports/LAB7/LAB7/software/test_bsp/\libhal_bsp.a(alt_load.o)
                              d:/intelFPGA_lite/GYH-WORK/Labs_and_reports/LAB7/LAB7/software/test_bsp//obj/HAL/src/crt0.o (alt_load)
d:/intelFPGA_lite/GYH-WORK/Labs_and_reports/LAB7/LAB7/software/test_bsp/\libhal_bsp.a(alt_main.o)
                              d:/intelFPGA_lite/GYH-WORK/Labs_and_reports/LAB7/LAB7/software/test_bsp//obj/HAL/src/crt0.o (alt_main)
d:/intelFPGA_lite/GYH-WORK/Labs_and_reports/LAB7/LAB7/software/test_bsp/\libhal_bsp.a(alt_sys_init.o)
                              d:/intelFPGA_lite/GYH-WORK/Labs_and_reports/LAB7/LAB7/software/test_bsp/\libhal_bsp.a(alt_main.o) (alt_irq_init)
d:/intelFPGA_lite/GYH-WORK/Labs_and_reports/LAB7/LAB7/software/test_bsp/\libhal_bsp.a(alt_close.o)
                              d:/intelFPGA_lite/GYH-WORK/Labs_and_reports/LAB7/LAB7/software/test_bsp/\libhal_bsp.a(alt_main.o) (close)
d:/intelFPGA_lite/GYH-WORK/Labs_and_reports/LAB7/LAB7/software/test_bsp/\libhal_bsp.a(alt_dcache_flush_all.o)
                              d:/intelFPGA_lite/GYH-WORK/Labs_and_reports/LAB7/LAB7/software/test_bsp/\libhal_bsp.a(alt_load.o) (alt_dcache_flush_all)
d:/intelFPGA_lite/GYH-WORK/Labs_and_reports/LAB7/LAB7/software/test_bsp/\libhal_bsp.a(alt_dev.o)
                              d:/intelFPGA_lite/GYH-WORK/Labs_and_reports/LAB7/LAB7/software/test_bsp/\libhal_bsp.a(alt_close.o) (alt_fd_list)
d:/intelFPGA_lite/GYH-WORK/Labs_and_reports/LAB7/LAB7/software/test_bsp/\libhal_bsp.a(alt_do_ctors.o)
                              d:/intelFPGA_lite/GYH-WORK/Labs_and_reports/LAB7/LAB7/software/test_bsp/\libhal_bsp.a(alt_main.o) (_do_ctors)
d:/intelFPGA_lite/GYH-WORK/Labs_and_reports/LAB7/LAB7/software/test_bsp/\libhal_bsp.a(alt_do_dtors.o)
                              d:/intelFPGA_lite/GYH-WORK/Labs_and_reports/LAB7/LAB7/software/test_bsp/\libhal_bsp.a(alt_main.o) (_do_dtors)
d:/intelFPGA_lite/GYH-WORK/Labs_and_reports/LAB7/LAB7/software/test_bsp/\libhal_bsp.a(alt_errno.o)
                              d:/intelFPGA_lite/GYH-WORK/Labs_and_reports/LAB7/LAB7/software/test_bsp/\libhal_bsp.a(alt_close.o) (alt_errno)
d:/intelFPGA_lite/GYH-WORK/Labs_and_reports/LAB7/LAB7/software/test_bsp/\libhal_bsp.a(alt_icache_flush_all.o)
                              d:/intelFPGA_lite/GYH-WORK/Labs_and_reports/LAB7/LAB7/software/test_bsp/\libhal_bsp.a(alt_load.o) (alt_icache_flush_all)
d:/intelFPGA_lite/GYH-WORK/Labs_and_reports/LAB7/LAB7/software/test_bsp/\libhal_bsp.a(alt_release_fd.o)
                              d:/intelFPGA_lite/GYH-WORK/Labs_and_reports/LAB7/LAB7/software/test_bsp/\libhal_bsp.a(alt_close.o) (alt_release_fd)
d:/intelFPGA_lite/GYH-WORK/Labs_and_reports/LAB7/LAB7/software/test_bsp/\libhal_bsp.a(altera_nios2_gen2_irq.o)
                              d:/intelFPGA_lite/GYH-WORK/Labs_and_reports/LAB7/LAB7/software/test_bsp/\libhal_bsp.a(alt_sys_init.o) (altera_nios2_gen2_irq_init)
d:/intelfpga_lite/20.1/nios2eds/bin/gnu/h-x86_64-mingw32/bin/../lib/gcc/nios2-elf/10.1.1/../../../../../H-x86_64-mingw32/nios2-elf/lib/mno-hw-mul\libc.a(lib_a-atexit.o)
                              d:/intelFPGA_lite/GYH-WORK/Labs_and_reports/LAB7/LAB7/software/test_bsp/\libhal_bsp.a(alt_main.o) (atexit)
d:/intelfpga_lite/20.1/nios2eds/bin/gnu/h-x86_64-mingw32/bin/../lib/gcc/nios2-elf/10.1.1/../../../../../H-x86_64-mingw32/nios2-elf/lib/mno-hw-mul\libc.a(lib_a-exit.o)
                              d:/intelFPGA_lite/GYH-WORK/Labs_and_reports/LAB7/LAB7/software/test_bsp/\libhal_bsp.a(alt_main.o) (exit)
d:/intelfpga_lite/20.1/nios2eds/bin/gnu/h-x86_64-mingw32/bin/../lib/gcc/nios2-elf/10.1.1/../../../../../H-x86_64-mingw32/nios2-elf/lib/mno-hw-mul\libc.a(lib_a-impure.o)
                              d:/intelfpga_lite/20.1/nios2eds/bin/gnu/h-x86_64-mingw32/bin/../lib/gcc/nios2-elf/10.1.1/../../../../../H-x86_64-mingw32/nios2-elf/lib/mno-hw-mul\libc.a(lib_a-exit.o) (_global_impure_ptr)
d:/intelfpga_lite/20.1/nios2eds/bin/gnu/h-x86_64-mingw32/bin/../lib/gcc/nios2-elf/10.1.1/../../../../../H-x86_64-mingw32/nios2-elf/lib/mno-hw-mul\libc.a(lib_a-int_errno.o)
                              d:/intelFPGA_lite/GYH-WORK/Labs_and_reports/LAB7/LAB7/software/test_bsp/\libhal_bsp.a(alt_close.o) (errno)
d:/intelfpga_lite/20.1/nios2eds/bin/gnu/h-x86_64-mingw32/bin/../lib/gcc/nios2-elf/10.1.1/../../../../../H-x86_64-mingw32/nios2-elf/lib/mno-hw-mul\libc.a(lib_a-__atexit.o)
                              d:/intelfpga_lite/20.1/nios2eds/bin/gnu/h-x86_64-mingw32/bin/../lib/gcc/nios2-elf/10.1.1/../../../../../H-x86_64-mingw32/nios2-elf/lib/mno-hw-mul\libc.a(lib_a-atexit.o) (__register_exitproc)
d:/intelfpga_lite/20.1/nios2eds/bin/gnu/h-x86_64-mingw32/bin/../lib/gcc/nios2-elf/10.1.1/../../../../../H-x86_64-mingw32/nios2-elf/lib/mno-hw-mul\libc.a(lib_a-__call_atexit.o)
                              d:/intelfpga_lite/20.1/nios2eds/bin/gnu/h-x86_64-mingw32/bin/../lib/gcc/nios2-elf/10.1.1/../../../../../H-x86_64-mingw32/nios2-elf/lib/mno-hw-mul\libc.a(lib_a-exit.o) (__call_exitprocs)
d:/intelFPGA_lite/GYH-WORK/Labs_and_reports/LAB7/LAB7/software/test_bsp/\libhal_bsp.a(alt_exit.o)
                              d:/intelfpga_lite/20.1/nios2eds/bin/gnu/h-x86_64-mingw32/bin/../lib/gcc/nios2-elf/10.1.1/../../../../../H-x86_64-mingw32/nios2-elf/lib/mno-hw-mul\libc.a(lib_a-exit.o) (_exit)

Memory Configuration

Name             Origin             Length             Attributes
onchip_memory2_0 0x0000000000000000 0x0000000000000010
reset            0x0000000002000000 0x0000000000000020
sdram            0x0000000002000020 0x0000000000ffffe0
*default*        0x0000000000000000 0xffffffffffffffff

Linker script and memory map

LOAD d:/intelFPGA_lite/GYH-WORK/Labs_and_reports/LAB7/LAB7/software/test_bsp//obj/HAL/src/crt0.o
LOAD obj/default/main.o
LOAD d:/intelfpga_lite/20.1/nios2eds/bin/gnu/h-x86_64-mingw32/bin/../lib/gcc/nios2-elf/10.1.1/../../../../../H-x86_64-mingw32/nios2-elf/lib/mno-hw-mul\libstdc++.a
LOAD d:/intelfpga_lite/20.1/nios2eds/bin/gnu/h-x86_64-mingw32/bin/../lib/gcc/nios2-elf/10.1.1/../../../../../H-x86_64-mingw32/nios2-elf/lib/mno-hw-mul\libm.a
LOAD d:/intelfpga_lite/20.1/nios2eds/bin/gnu/h-x86_64-mingw32/bin/../lib/gcc/nios2-elf/10.1.1/mno-hw-mul\libgcc.a
START GROUP
LOAD d:/intelfpga_lite/20.1/nios2eds/bin/gnu/h-x86_64-mingw32/bin/../lib/gcc/nios2-elf/10.1.1/../../../../../H-x86_64-mingw32/nios2-elf/lib/mno-hw-mul\libc.a
LOAD d:/intelfpga_lite/20.1/nios2eds/bin/gnu/h-x86_64-mingw32/bin/../lib/gcc/nios2-elf/10.1.1/mno-hw-mul\libgcc.a
LOAD d:/intelFPGA_lite/GYH-WORK/Labs_and_reports/LAB7/LAB7/software/test_bsp/\libhal_bsp.a
LOAD d:/intelfpga_lite/20.1/nios2eds/bin/gnu/h-x86_64-mingw32/bin/../lib/gcc/nios2-elf/10.1.1/../../../../../H-x86_64-mingw32/nios2-elf/lib/mno-hw-mul\libm.a
END GROUP
LOAD d:/intelfpga_lite/20.1/nios2eds/bin/gnu/h-x86_64-mingw32/bin/../lib/gcc/nios2-elf/10.1.1/mno-hw-mul\libgcc.a
                0x0000000000000000                __alt_mem_onchip_memory2_0 = 0x0
                0x0000000002000000                __alt_mem_sdram = 0x2000000

.entry          0x0000000002000000       0x20
 *(.entry)
 .entry         0x0000000002000000       0x20 d:/intelFPGA_lite/GYH-WORK/Labs_and_reports/LAB7/LAB7/software/test_bsp//obj/HAL/src/crt0.o
                0x0000000002000000                __reset

.exceptions     0x0000000002000020        0x0
                0x0000000002000020                PROVIDE (__ram_exceptions_start = ABSOLUTE (.))
                0x0000000002000020                . = ALIGN (0x20)
 *(.irq)
 *(.exceptions.entry.label)
 *(.exceptions.entry.user)
 *(.exceptions.entry.ecc_fatal)
 *(.exceptions.entry)
 *(.exceptions.irqtest.user)
 *(.exceptions.irqtest)
 *(.exceptions.irqhandler.user)
 *(.exceptions.irqhandler)
 *(.exceptions.irqreturn.user)
 *(.exceptions.irqreturn)
 *(.exceptions.notirq.label)
 *(.exceptions.notirq.user)
 *(.exceptions.notirq)
 *(.exceptions.soft.user)
 *(.exceptions.soft)
 *(.exceptions.unknown.user)
 *(.exceptions.unknown)
 *(.exceptions.exit.label)
 *(.exceptions.exit.user)
 *(.exceptions.exit)
 *(.exceptions)
                0x0000000002000020                PROVIDE (__ram_exceptions_end = ABSOLUTE (.))
                0x0000000002000020                PROVIDE (__flash_exceptions_start = LOADADDR (.exceptions))

.text           0x0000000002000020      0x7b0
                [!provide]                        PROVIDE (stext = ABSOLUTE (.))
 *(.interp)
 *(.hash)
 *(.dynsym)
 *(.dynstr)
 *(.gnu.version)
 *(.gnu.version_d)
 *(.gnu.version_r)
 *(.rel.init)
 *(.rela.init)
 *(.rel.text .rel.text.* .rel.gnu.linkonce.t.*)
 *(.rela.text .rela.text.* .rela.gnu.linkonce.t.*)
 *(.rel.fini)
 *(.rela.fini)
 *(.rel.rodata .rel.rodata.* .rel.gnu.linkonce.r.*)
 *(.rela.rodata .rela.rodata.* .rela.gnu.linkonce.r.*)
 *(.rel.data .rel.data.* .rel.gnu.linkonce.d.*)
 *(.rela.data .rela.data.* .rela.gnu.linkonce.d.*)
 *(.rel.tdata .rel.tdata.* .rel.gnu.linkonce.td.*)
 *(.rela.tdata .rela.tdata.* .rela.gnu.linkonce.td.*)
 *(.rel.tbss .rel.tbss.* .rel.gnu.linkonce.tb.*)
 *(.rela.tbss .rela.tbss.* .rela.gnu.linkonce.tb.*)
 *(.rel.ctors)
 *(.rela.ctors)
 *(.rel.dtors)
 *(.rela.dtors)
 *(.rel.got)
 *(.rela.got)
 *(.rel.sdata .rel.sdata.* .rel.gnu.linkonce.s.*)
 *(.rela.sdata .rela.sdata.* .rela.gnu.linkonce.s.*)
 *(.rel.sbss .rel.sbss.* .rel.gnu.linkonce.sb.*)
 *(.rela.sbss .rela.sbss.* .rela.gnu.linkonce.sb.*)
 *(.rel.sdata2 .rel.sdata2.* .rel.gnu.linkonce.s2.*)
 *(.rela.sdata2 .rela.sdata2.* .rela.gnu.linkonce.s2.*)
 *(.rel.sbss2 .rel.sbss2.* .rel.gnu.linkonce.sb2.*)
 *(.rela.sbss2 .rela.sbss2.* .rela.gnu.linkonce.sb2.*)
 *(.rel.bss .rel.bss.* .rel.gnu.linkonce.b.*)
 *(.rela.bss .rela.bss.* .rela.gnu.linkonce.b.*)
 *(.rel.plt)
 *(.rela.plt)
 *(.rel.dyn)
 *(.init)
 *(.plt)
 *(.text .stub .text.* .gnu.linkonce.t.*)
 .text          0x0000000002000020       0x3c d:/intelFPGA_lite/GYH-WORK/Labs_and_reports/LAB7/LAB7/software/test_bsp//obj/HAL/src/crt0.o
                0x0000000002000020                _start
 .text          0x000000000200005c       0xb8 obj/default/main.o
                0x000000000200005c                main
 .text          0x0000000002000114       0xec d:/intelFPGA_lite/GYH-WORK/Labs_and_reports/LAB7/LAB7/software/test_bsp/\libhal_bsp.a(alt_load.o)
                0x000000000200017c                alt_load
 .text          0x0000000002000200       0x60 d:/intelFPGA_lite/GYH-WORK/Labs_and_reports/LAB7/LAB7/software/test_bsp/\libhal_bsp.a(alt_main.o)
                0x0000000002000200                alt_main
 .text          0x0000000002000260       0x60 d:/intelFPGA_lite/GYH-WORK/Labs_and_reports/LAB7/LAB7/software/test_bsp/\libhal_bsp.a(alt_sys_init.o)
                0x0000000002000260                alt_irq_init
                0x000000000200029c                alt_sys_init
 .text          0x00000000020002c0      0x118 d:/intelFPGA_lite/GYH-WORK/Labs_and_reports/LAB7/LAB7/software/test_bsp/\libhal_bsp.a(alt_close.o)
                0x00000000020002fc                close
 .text          0x00000000020003d8       0x20 d:/intelFPGA_lite/GYH-WORK/Labs_and_reports/LAB7/LAB7/software/test_bsp/\libhal_bsp.a(alt_dcache_flush_all.o)
                0x00000000020003d8                alt_dcache_flush_all
 .text          0x00000000020003f8       0x2c d:/intelFPGA_lite/GYH-WORK/Labs_and_reports/LAB7/LAB7/software/test_bsp/\libhal_bsp.a(alt_dev.o)
 .text          0x0000000002000424       0x64 d:/intelFPGA_lite/GYH-WORK/Labs_and_reports/LAB7/LAB7/software/test_bsp/\libhal_bsp.a(alt_do_ctors.o)
                0x0000000002000424                _do_ctors
 .text          0x0000000002000488       0x64 d:/intelFPGA_lite/GYH-WORK/Labs_and_reports/LAB7/LAB7/software/test_bsp/\libhal_bsp.a(alt_do_dtors.o)
                0x0000000002000488                _do_dtors
 .text          0x00000000020004ec        0x0 d:/intelFPGA_lite/GYH-WORK/Labs_and_reports/LAB7/LAB7/software/test_bsp/\libhal_bsp.a(alt_errno.o)
 .text          0x00000000020004ec       0x20 d:/intelFPGA_lite/GYH-WORK/Labs_and_reports/LAB7/LAB7/software/test_bsp/\libhal_bsp.a(alt_icache_flush_all.o)
                0x00000000020004ec                alt_icache_flush_all
 .text          0x000000000200050c       0x70 d:/intelFPGA_lite/GYH-WORK/Labs_and_reports/LAB7/LAB7/software/test_bsp/\libhal_bsp.a(alt_release_fd.o)
                0x000000000200050c                alt_release_fd
 .text          0x000000000200057c       0x24 d:/intelFPGA_lite/GYH-WORK/Labs_and_reports/LAB7/LAB7/software/test_bsp/\libhal_bsp.a(altera_nios2_gen2_irq.o)
                0x000000000200057c                altera_nios2_gen2_irq_init
 .text          0x00000000020005a0        0x0 d:/intelfpga_lite/20.1/nios2eds/bin/gnu/h-x86_64-mingw32/bin/../lib/gcc/nios2-elf/10.1.1/../../../../../H-x86_64-mingw32/nios2-elf/lib/mno-hw-mul\libc.a(lib_a-atexit.o)
 .text.atexit   0x00000000020005a0       0x14 d:/intelfpga_lite/20.1/nios2eds/bin/gnu/h-x86_64-mingw32/bin/../lib/gcc/nios2-elf/10.1.1/../../../../../H-x86_64-mingw32/nios2-elf/lib/mno-hw-mul\libc.a(lib_a-atexit.o)
                0x00000000020005a0                atexit
 .text          0x00000000020005b4        0x0 d:/intelfpga_lite/20.1/nios2eds/bin/gnu/h-x86_64-mingw32/bin/../lib/gcc/nios2-elf/10.1.1/../../../../../H-x86_64-mingw32/nios2-elf/lib/mno-hw-mul\libc.a(lib_a-exit.o)
 .text.exit     0x00000000020005b4       0x34 d:/intelfpga_lite/20.1/nios2eds/bin/gnu/h-x86_64-mingw32/bin/../lib/gcc/nios2-elf/10.1.1/../../../../../H-x86_64-mingw32/nios2-elf/lib/mno-hw-mul\libc.a(lib_a-exit.o)
                0x00000000020005b4                exit
 .text          0x00000000020005e8        0x0 d:/intelfpga_lite/20.1/nios2eds/bin/gnu/h-x86_64-mingw32/bin/../lib/gcc/nios2-elf/10.1.1/../../../../../H-x86_64-mingw32/nios2-elf/lib/mno-hw-mul\libc.a(lib_a-impure.o)
 .text          0x00000000020005e8        0x0 d:/intelfpga_lite/20.1/nios2eds/bin/gnu/h-x86_64-mingw32/bin/../lib/gcc/nios2-elf/10.1.1/../../../../../H-x86_64-mingw32/nios2-elf/lib/mno-hw-mul\libc.a(lib_a-int_errno.o)
 .text          0x00000000020005e8        0x0 d:/intelfpga_lite/20.1/nios2eds/bin/gnu/h-x86_64-mingw32/bin/../lib/gcc/nios2-elf/10.1.1/../../../../../H-x86_64-mingw32/nios2-elf/lib/mno-hw-mul\libc.a(lib_a-__atexit.o)
 .text.__register_exitproc
                0x00000000020005e8       0x90 d:/intelfpga_lite/20.1/nios2eds/bin/gnu/h-x86_64-mingw32/bin/../lib/gcc/nios2-elf/10.1.1/../../../../../H-x86_64-mingw32/nios2-elf/lib/mno-hw-mul\libc.a(lib_a-__atexit.o)
                0x00000000020005e8                __register_exitproc
 .text          0x0000000002000678        0x0 d:/intelfpga_lite/20.1/nios2eds/bin/gnu/h-x86_64-mingw32/bin/../lib/gcc/nios2-elf/10.1.1/../../../../../H-x86_64-mingw32/nios2-elf/lib/mno-hw-mul\libc.a(lib_a-__call_atexit.o)
 .text.__call_exitprocs
                0x0000000002000678      0x120 d:/intelfpga_lite/20.1/nios2eds/bin/gnu/h-x86_64-mingw32/bin/../lib/gcc/nios2-elf/10.1.1/../../../../../H-x86_64-mingw32/nios2-elf/lib/mno-hw-mul\libc.a(lib_a-__call_atexit.o)
                0x0000000002000678                __call_exitprocs
 .text          0x0000000002000798       0x38 d:/intelFPGA_lite/GYH-WORK/Labs_and_reports/LAB7/LAB7/software/test_bsp/\libhal_bsp.a(alt_exit.o)
                0x0000000002000798                _exit
 *(.gnu.warning.*)
 *(.fini)
                [!provide]                        PROVIDE (__etext = ABSOLUTE (.))
                [!provide]                        PROVIDE (_etext = ABSOLUTE (.))
                [!provide]                        PROVIDE (etext = ABSOLUTE (.))
 *(.eh_frame_hdr)
                0x00000000020007d0                . = ALIGN (0x4)
                [!provide]                        PROVIDE (__preinit_array_start = ABSOLUTE (.))
 *(.preinit_array)
                [!provide]                        PROVIDE (__preinit_array_end = ABSOLUTE (.))
                [!provide]                        PROVIDE (__init_array_start = ABSOLUTE (.))
 *(.init_array)
                [!provide]                        PROVIDE (__init_array_end = ABSOLUTE (.))
                [!provide]                        PROVIDE (__fini_array_start = ABSOLUTE (.))
 *(.fini_array)
                [!provide]                        PROVIDE (__fini_array_end = ABSOLUTE (.))
 *(.eh_frame)
 *(.gcc_except_table .gcc_except_table.*)
 *(.dynamic)
                0x00000000020007d0                PROVIDE (__CTOR_LIST__ = ABSOLUTE (.))
 *(.ctors)
 *(SORT_BY_NAME(.ctors.*))
                0x00000000020007d0                PROVIDE (__CTOR_END__ = ABSOLUTE (.))
                0x00000000020007d0                PROVIDE (__DTOR_LIST__ = ABSOLUTE (.))
 *(.dtors)
 *(SORT_BY_NAME(.dtors.*))
                0x00000000020007d0                PROVIDE (__DTOR_END__ = ABSOLUTE (.))
 *(.jcr)
                0x00000000020007d0                . = ALIGN (0x4)

.rodata         0x00000000020007d0        0xc
                0x00000000020007d0                PROVIDE (__ram_rodata_start = ABSOLUTE (.))
                0x00000000020007d0                . = ALIGN (0x4)
 *(.rodata .rodata.* .gnu.linkonce.r.*)
 .rodata        0x00000000020007d0        0xa d:/intelFPGA_lite/GYH-WORK/Labs_and_reports/LAB7/LAB7/software/test_bsp/\libhal_bsp.a(alt_dev.o)
 *(.rodata1)
                0x00000000020007dc                . = ALIGN (0x4)
 *fill*         0x00000000020007da        0x2 
                0x00000000020007dc                PROVIDE (__ram_rodata_end = ABSOLUTE (.))
                0x00000000020007d0                PROVIDE (__flash_rodata_start = LOADADDR (.rodata))

.rwdata         0x00000000020007dc      0x5ec load address 0x0000000002000dc8
                0x00000000020007dc                PROVIDE (__ram_rwdata_start = ABSOLUTE (.))
                0x00000000020007dc                . = ALIGN (0x4)
 *(.got.plt)
 *(.got)
 *(.data1)
 *(.data .data.* .gnu.linkonce.d.*)
 .data          0x00000000020007dc        0x0 d:/intelFPGA_lite/GYH-WORK/Labs_and_reports/LAB7/LAB7/software/test_bsp//obj/HAL/src/crt0.o
 .data          0x00000000020007dc        0x0 obj/default/main.o
 .data          0x00000000020007dc        0x0 d:/intelFPGA_lite/GYH-WORK/Labs_and_reports/LAB7/LAB7/software/test_bsp/\libhal_bsp.a(alt_load.o)
 .data          0x00000000020007dc        0x0 d:/intelFPGA_lite/GYH-WORK/Labs_and_reports/LAB7/LAB7/software/test_bsp/\libhal_bsp.a(alt_main.o)
 .data          0x00000000020007dc        0x0 d:/intelFPGA_lite/GYH-WORK/Labs_and_reports/LAB7/LAB7/software/test_bsp/\libhal_bsp.a(alt_sys_init.o)
 .data          0x00000000020007dc        0x0 d:/intelFPGA_lite/GYH-WORK/Labs_and_reports/LAB7/LAB7/software/test_bsp/\libhal_bsp.a(alt_close.o)
 .data          0x00000000020007dc        0x0 d:/intelFPGA_lite/GYH-WORK/Labs_and_reports/LAB7/LAB7/software/test_bsp/\libhal_bsp.a(alt_dcache_flush_all.o)
 .data          0x00000000020007dc      0x1a8 d:/intelFPGA_lite/GYH-WORK/Labs_and_reports/LAB7/LAB7/software/test_bsp/\libhal_bsp.a(alt_dev.o)
                0x00000000020007dc                alt_dev_null
                0x0000000002000804                alt_fd_list
 .data          0x0000000002000984        0x0 d:/intelFPGA_lite/GYH-WORK/Labs_and_reports/LAB7/LAB7/software/test_bsp/\libhal_bsp.a(alt_do_ctors.o)
 .data          0x0000000002000984        0x0 d:/intelFPGA_lite/GYH-WORK/Labs_and_reports/LAB7/LAB7/software/test_bsp/\libhal_bsp.a(alt_do_dtors.o)
 .data          0x0000000002000984        0x0 d:/intelFPGA_lite/GYH-WORK/Labs_and_reports/LAB7/LAB7/software/test_bsp/\libhal_bsp.a(alt_errno.o)
 .data          0x0000000002000984        0x0 d:/intelFPGA_lite/GYH-WORK/Labs_and_reports/LAB7/LAB7/software/test_bsp/\libhal_bsp.a(alt_icache_flush_all.o)
 .data          0x0000000002000984        0x0 d:/intelFPGA_lite/GYH-WORK/Labs_and_reports/LAB7/LAB7/software/test_bsp/\libhal_bsp.a(alt_release_fd.o)
 .data          0x0000000002000984        0x0 d:/intelFPGA_lite/GYH-WORK/Labs_and_reports/LAB7/LAB7/software/test_bsp/\libhal_bsp.a(altera_nios2_gen2_irq.o)
 .data          0x0000000002000984        0x0 d:/intelfpga_lite/20.1/nios2eds/bin/gnu/h-x86_64-mingw32/bin/../lib/gcc/nios2-elf/10.1.1/../../../../../H-x86_64-mingw32/nios2-elf/lib/mno-hw-mul\libc.a(lib_a-atexit.o)
 .data          0x0000000002000984        0x0 d:/intelfpga_lite/20.1/nios2eds/bin/gnu/h-x86_64-mingw32/bin/../lib/gcc/nios2-elf/10.1.1/../../../../../H-x86_64-mingw32/nios2-elf/lib/mno-hw-mul\libc.a(lib_a-exit.o)
 .data          0x0000000002000984        0x0 d:/intelfpga_lite/20.1/nios2eds/bin/gnu/h-x86_64-mingw32/bin/../lib/gcc/nios2-elf/10.1.1/../../../../../H-x86_64-mingw32/nios2-elf/lib/mno-hw-mul\libc.a(lib_a-impure.o)
 .data.impure_data
                0x0000000002000984      0x424 d:/intelfpga_lite/20.1/nios2eds/bin/gnu/h-x86_64-mingw32/bin/../lib/gcc/nios2-elf/10.1.1/../../../../../H-x86_64-mingw32/nios2-elf/lib/mno-hw-mul\libc.a(lib_a-impure.o)
 .data          0x0000000002000da8        0x0 d:/intelfpga_lite/20.1/nios2eds/bin/gnu/h-x86_64-mingw32/bin/../lib/gcc/nios2-elf/10.1.1/../../../../../H-x86_64-mingw32/nios2-elf/lib/mno-hw-mul\libc.a(lib_a-int_errno.o)
 .data          0x0000000002000da8        0x0 d:/intelfpga_lite/20.1/nios2eds/bin/gnu/h-x86_64-mingw32/bin/../lib/gcc/nios2-elf/10.1.1/../../../../../H-x86_64-mingw32/nios2-elf/lib/mno-hw-mul\libc.a(lib_a-__atexit.o)
 .data          0x0000000002000da8        0x0 d:/intelfpga_lite/20.1/nios2eds/bin/gnu/h-x86_64-mingw32/bin/../lib/gcc/nios2-elf/10.1.1/../../../../../H-x86_64-mingw32/nios2-elf/lib/mno-hw-mul\libc.a(lib_a-__call_atexit.o)
 .data          0x0000000002000da8        0x0 d:/intelFPGA_lite/GYH-WORK/Labs_and_reports/LAB7/LAB7/software/test_bsp/\libhal_bsp.a(alt_exit.o)
                0x0000000002008da8                _gp = ABSOLUTE ((. + 0x8000))
                [!provide]                        PROVIDE (gp = _gp)
 *(.rwdata .rwdata.*)
 *(.sdata .sdata.* .gnu.linkonce.s.*)
 .sdata         0x0000000002000da8       0x14 d:/intelFPGA_lite/GYH-WORK/Labs_and_reports/LAB7/LAB7/software/test_bsp/\libhal_bsp.a(alt_dev.o)
                0x0000000002000da8                alt_fs_list
                0x0000000002000db0                alt_dev_list
                0x0000000002000db8                alt_max_fd
 .sdata         0x0000000002000dbc        0x4 d:/intelFPGA_lite/GYH-WORK/Labs_and_reports/LAB7/LAB7/software/test_bsp/\libhal_bsp.a(alt_errno.o)
                0x0000000002000dbc                alt_errno
 .sdata._global_impure_ptr
                0x0000000002000dc0        0x4 d:/intelfpga_lite/20.1/nios2eds/bin/gnu/h-x86_64-mingw32/bin/../lib/gcc/nios2-elf/10.1.1/../../../../../H-x86_64-mingw32/nios2-elf/lib/mno-hw-mul\libc.a(lib_a-impure.o)
                0x0000000002000dc0                _global_impure_ptr
 .sdata._impure_ptr
                0x0000000002000dc4        0x4 d:/intelfpga_lite/20.1/nios2eds/bin/gnu/h-x86_64-mingw32/bin/../lib/gcc/nios2-elf/10.1.1/../../../../../H-x86_64-mingw32/nios2-elf/lib/mno-hw-mul\libc.a(lib_a-impure.o)
                0x0000000002000dc4                _impure_ptr
 *(.sdata2 .sdata2.* .gnu.linkonce.s2.*)
                0x0000000002000dc8                . = ALIGN (0x4)
                0x0000000002000dc8                _edata = ABSOLUTE (.)
                [!provide]                        PROVIDE (edata = ABSOLUTE (.))
                0x0000000002000dc8                PROVIDE (__ram_rwdata_end = ABSOLUTE (.))
                0x0000000002000dc8                PROVIDE (__flash_rwdata_start = LOADADDR (.rwdata))

.bss            0x00000000020013b4       0x10
                0x00000000020013b4                __bss_start = ABSOLUTE (.)
                [!provide]                        PROVIDE (__sbss_start = ABSOLUTE (.))
                [!provide]                        PROVIDE (___sbss_start = ABSOLUTE (.))
 *(.dynsbss)
 *(.sbss .sbss.* .gnu.linkonce.sb.*)
 .sbss          0x00000000020013b4        0xc d:/intelFPGA_lite/GYH-WORK/Labs_and_reports/LAB7/LAB7/software/test_bsp/\libhal_bsp.a(alt_main.o)
                0x00000000020013b4                alt_argc
                0x00000000020013b8                alt_argv
                0x00000000020013bc                alt_envp
 .sbss.errno    0x00000000020013c0        0x4 d:/intelfpga_lite/20.1/nios2eds/bin/gnu/h-x86_64-mingw32/bin/../lib/gcc/nios2-elf/10.1.1/../../../../../H-x86_64-mingw32/nios2-elf/lib/mno-hw-mul\libc.a(lib_a-int_errno.o)
                0x00000000020013c0                errno
 *(.sbss2 .sbss2.* .gnu.linkonce.sb2.*)
 *(.scommon)
                [!provide]                        PROVIDE (__sbss_end = ABSOLUTE (.))
                [!provide]                        PROVIDE (___sbss_end = ABSOLUTE (.))
 *(.dynbss)
 *(.bss .bss.* .gnu.linkonce.b.*)
 .bss           0x00000000020013c4        0x0 d:/intelFPGA_lite/GYH-WORK/Labs_and_reports/LAB7/LAB7/software/test_bsp//obj/HAL/src/crt0.o
 .bss           0x00000000020013c4        0x0 obj/default/main.o
 .bss           0x00000000020013c4        0x0 d:/intelFPGA_lite/GYH-WORK/Labs_and_reports/LAB7/LAB7/software/test_bsp/\libhal_bsp.a(alt_load.o)
 .bss           0x00000000020013c4        0x0 d:/intelFPGA_lite/GYH-WORK/Labs_and_reports/LAB7/LAB7/software/test_bsp/\libhal_bsp.a(alt_main.o)
 .bss           0x00000000020013c4        0x0 d:/intelFPGA_lite/GYH-WORK/Labs_and_reports/LAB7/LAB7/software/test_bsp/\libhal_bsp.a(alt_sys_init.o)
 .bss           0x00000000020013c4        0x0 d:/intelFPGA_lite/GYH-WORK/Labs_and_reports/LAB7/LAB7/software/test_bsp/\libhal_bsp.a(alt_close.o)
 .bss           0x00000000020013c4        0x0 d:/intelFPGA_lite/GYH-WORK/Labs_and_reports/LAB7/LAB7/software/test_bsp/\libhal_bsp.a(alt_dcache_flush_all.o)
 .bss           0x00000000020013c4        0x0 d:/intelFPGA_lite/GYH-WORK/Labs_and_reports/LAB7/LAB7/software/test_bsp/\libhal_bsp.a(alt_dev.o)
 .bss           0x00000000020013c4        0x0 d:/intelFPGA_lite/GYH-WORK/Labs_and_reports/LAB7/LAB7/software/test_bsp/\libhal_bsp.a(alt_do_ctors.o)
 .bss           0x00000000020013c4        0x0 d:/intelFPGA_lite/GYH-WORK/Labs_and_reports/LAB7/LAB7/software/test_bsp/\libhal_bsp.a(alt_do_dtors.o)
 .bss           0x00000000020013c4        0x0 d:/intelFPGA_lite/GYH-WORK/Labs_and_reports/LAB7/LAB7/software/test_bsp/\libhal_bsp.a(alt_errno.o)
 .bss           0x00000000020013c4        0x0 d:/intelFPGA_lite/GYH-WORK/Labs_and_reports/LAB7/LAB7/software/test_bsp/\libhal_bsp.a(alt_icache_flush_all.o)
 .bss           0x00000000020013c4        0x0 d:/intelFPGA_lite/GYH-WORK/Labs_and_reports/LAB7/LAB7/software/test_bsp/\libhal_bsp.a(alt_release_fd.o)
 .bss           0x00000000020013c4        0x0 d:/intelFPGA_lite/GYH-WORK/Labs_and_reports/LAB7/LAB7/software/test_bsp/\libhal_bsp.a(altera_nios2_gen2_irq.o)
 .bss           0x00000000020013c4        0x0 d:/intelfpga_lite/20.1/nios2eds/bin/gnu/h-x86_64-mingw32/bin/../lib/gcc/nios2-elf/10.1.1/../../../../../H-x86_64-mingw32/nios2-elf/lib/mno-hw-mul\libc.a(lib_a-atexit.o)
 .bss           0x00000000020013c4        0x0 d:/intelfpga_lite/20.1/nios2eds/bin/gnu/h-x86_64-mingw32/bin/../lib/gcc/nios2-elf/10.1.1/../../../../../H-x86_64-mingw32/nios2-elf/lib/mno-hw-mul\libc.a(lib_a-exit.o)
 .bss           0x00000000020013c4        0x0 d:/intelfpga_lite/20.1/nios2eds/bin/gnu/h-x86_64-mingw32/bin/../lib/gcc/nios2-elf/10.1.1/../../../../../H-x86_64-mingw32/nios2-elf/lib/mno-hw-mul\libc.a(lib_a-impure.o)
 .bss           0x00000000020013c4        0x0 d:/intelfpga_lite/20.1/nios2eds/bin/gnu/h-x86_64-mingw32/bin/../lib/gcc/nios2-elf/10.1.1/../../../../../H-x86_64-mingw32/nios2-elf/lib/mno-hw-mul\libc.a(lib_a-int_errno.o)
 .bss           0x00000000020013c4        0x0 d:/intelfpga_lite/20.1/nios2eds/bin/gnu/h-x86_64-mingw32/bin/../lib/gcc/nios2-elf/10.1.1/../../../../../H-x86_64-mingw32/nios2-elf/lib/mno-hw-mul\libc.a(lib_a-__atexit.o)
 .bss           0x00000000020013c4        0x0 d:/intelfpga_lite/20.1/nios2eds/bin/gnu/h-x86_64-mingw32/bin/../lib/gcc/nios2-elf/10.1.1/../../../../../H-x86_64-mingw32/nios2-elf/lib/mno-hw-mul\libc.a(lib_a-__call_atexit.o)
 .bss           0x00000000020013c4        0x0 d:/intelFPGA_lite/GYH-WORK/Labs_and_reports/LAB7/LAB7/software/test_bsp/\libhal_bsp.a(alt_exit.o)
 *(COMMON)
                0x00000000020013c4                . = ALIGN (0x4)
                0x00000000020013c4                __bss_end = ABSOLUTE (.)

.onchip_memory2_0
                0x0000000000000000        0x0 load address 0x00000000020013c4
                [!provide]                        PROVIDE (_alt_partition_onchip_memory2_0_start = ABSOLUTE (.))
 *(.onchip_memory2_0 .onchip_memory2_0. onchip_memory2_0.*)
                0x0000000000000000                . = ALIGN (0x4)
                [!provide]                        PROVIDE (_alt_partition_onchip_memory2_0_end = ABSOLUTE (.))
                [!provide]                        PROVIDE (_alt_partition_onchip_memory2_0_load_addr = LOADADDR (.onchip_memory2_0))

.sdram          0x00000000020013c4        0x0
                [!provide]                        PROVIDE (_alt_partition_sdram_start = ABSOLUTE (.))
 *(.sdram .sdram. sdram.*)
                0x00000000020013c4                . = ALIGN (0x4)
                [!provide]                        PROVIDE (_alt_partition_sdram_end = ABSOLUTE (.))
                0x00000000020013c4                _end = ABSOLUTE (.)
                0x00000000020013c4                end = ABSOLUTE (.)
                0x00000000020013c4                __alt_stack_base = ABSOLUTE (.)
                [!provide]                        PROVIDE (_alt_partition_sdram_load_addr = LOADADDR (.sdram))

.stab
 *(.stab)

.stabstr
 *(.stabstr)

.stab.excl
 *(.stab.excl)

.stab.exclstr
 *(.stab.exclstr)

.stab.index
 *(.stab.index)

.stab.indexstr
 *(.stab.indexstr)

.comment        0x0000000000000000       0x2d
 *(.comment)
 .comment       0x0000000000000000       0x2d obj/default/main.o
                                         0x2e (size before relaxing)
 .comment       0x000000000000002d       0x2e d:/intelFPGA_lite/GYH-WORK/Labs_and_reports/LAB7/LAB7/software/test_bsp/\libhal_bsp.a(alt_load.o)
 .comment       0x000000000000002d       0x2e d:/intelFPGA_lite/GYH-WORK/Labs_and_reports/LAB7/LAB7/software/test_bsp/\libhal_bsp.a(alt_main.o)
 .comment       0x000000000000002d       0x2e d:/intelFPGA_lite/GYH-WORK/Labs_and_reports/LAB7/LAB7/software/test_bsp/\libhal_bsp.a(alt_sys_init.o)
 .comment       0x000000000000002d       0x2e d:/intelFPGA_lite/GYH-WORK/Labs_and_reports/LAB7/LAB7/software/test_bsp/\libhal_bsp.a(alt_close.o)
 .comment       0x000000000000002d       0x2e d:/intelFPGA_lite/GYH-WORK/Labs_and_reports/LAB7/LAB7/software/test_bsp/\libhal_bsp.a(alt_dcache_flush_all.o)
 .comment       0x000000000000002d       0x2e d:/intelFPGA_lite/GYH-WORK/Labs_and_reports/LAB7/LAB7/software/test_bsp/\libhal_bsp.a(alt_dev.o)
 .comment       0x000000000000002d       0x2e d:/intelFPGA_lite/GYH-WORK/Labs_and_reports/LAB7/LAB7/software/test_bsp/\libhal_bsp.a(alt_do_ctors.o)
 .comment       0x000000000000002d       0x2e d:/intelFPGA_lite/GYH-WORK/Labs_and_reports/LAB7/LAB7/software/test_bsp/\libhal_bsp.a(alt_do_dtors.o)
 .comment       0x000000000000002d       0x2e d:/intelFPGA_lite/GYH-WORK/Labs_and_reports/LAB7/LAB7/software/test_bsp/\libhal_bsp.a(alt_errno.o)
 .comment       0x000000000000002d       0x2e d:/intelFPGA_lite/GYH-WORK/Labs_and_reports/LAB7/LAB7/software/test_bsp/\libhal_bsp.a(alt_icache_flush_all.o)
 .comment       0x000000000000002d       0x2e d:/intelFPGA_lite/GYH-WORK/Labs_and_reports/LAB7/LAB7/software/test_bsp/\libhal_bsp.a(alt_release_fd.o)
 .comment       0x000000000000002d       0x2e d:/intelFPGA_lite/GYH-WORK/Labs_and_reports/LAB7/LAB7/software/test_bsp/\libhal_bsp.a(altera_nios2_gen2_irq.o)
 .comment       0x000000000000002d       0x2e d:/intelfpga_lite/20.1/nios2eds/bin/gnu/h-x86_64-mingw32/bin/../lib/gcc/nios2-elf/10.1.1/../../../../../H-x86_64-mingw32/nios2-elf/lib/mno-hw-mul\libc.a(lib_a-atexit.o)
 .comment       0x000000000000002d       0x2e d:/intelfpga_lite/20.1/nios2eds/bin/gnu/h-x86_64-mingw32/bin/../lib/gcc/nios2-elf/10.1.1/../../../../../H-x86_64-mingw32/nios2-elf/lib/mno-hw-mul\libc.a(lib_a-exit.o)
 .comment       0x000000000000002d       0x2e d:/intelfpga_lite/20.1/nios2eds/bin/gnu/h-x86_64-mingw32/bin/../lib/gcc/nios2-elf/10.1.1/../../../../../H-x86_64-mingw32/nios2-elf/lib/mno-hw-mul\libc.a(lib_a-impure.o)
 .comment       0x000000000000002d       0x2e d:/intelfpga_lite/20.1/nios2eds/bin/gnu/h-x86_64-mingw32/bin/../lib/gcc/nios2-elf/10.1.1/../../../../../H-x86_64-mingw32/nios2-elf/lib/mno-hw-mul\libc.a(lib_a-int_errno.o)
 .comment       0x000000000000002d       0x2e d:/intelfpga_lite/20.1/nios2eds/bin/gnu/h-x86_64-mingw32/bin/../lib/gcc/nios2-elf/10.1.1/../../../../../H-x86_64-mingw32/nios2-elf/lib/mno-hw-mul\libc.a(lib_a-__atexit.o)
 .comment       0x000000000000002d       0x2e d:/intelfpga_lite/20.1/nios2eds/bin/gnu/h-x86_64-mingw32/bin/../lib/gcc/nios2-elf/10.1.1/../../../../../H-x86_64-mingw32/nios2-elf/lib/mno-hw-mul\libc.a(lib_a-__call_atexit.o)
 .comment       0x000000000000002d       0x2e d:/intelFPGA_lite/GYH-WORK/Labs_and_reports/LAB7/LAB7/software/test_bsp/\libhal_bsp.a(alt_exit.o)

.debug
 *(.debug)

.line
 *(.line)

.debug_srcinfo
 *(.debug_srcinfo)

.debug_sfnames
 *(.debug_sfnames)

.debug_aranges  0x0000000000000000      0x290
 *(.debug_aranges)
 .debug_aranges
                0x0000000000000000       0x28 d:/intelFPGA_lite/GYH-WORK/Labs_and_reports/LAB7/LAB7/software/test_bsp//obj/HAL/src/crt0.o
 .debug_aranges
                0x0000000000000028       0x20 obj/default/main.o
 .debug_aranges
                0x0000000000000048       0x20 d:/intelFPGA_lite/GYH-WORK/Labs_and_reports/LAB7/LAB7/software/test_bsp/\libhal_bsp.a(alt_load.o)
 .debug_aranges
                0x0000000000000068       0x20 d:/intelFPGA_lite/GYH-WORK/Labs_and_reports/LAB7/LAB7/software/test_bsp/\libhal_bsp.a(alt_main.o)
 .debug_aranges
                0x0000000000000088       0x20 d:/intelFPGA_lite/GYH-WORK/Labs_and_reports/LAB7/LAB7/software/test_bsp/\libhal_bsp.a(alt_sys_init.o)
 .debug_aranges
                0x00000000000000a8       0x20 d:/intelFPGA_lite/GYH-WORK/Labs_and_reports/LAB7/LAB7/software/test_bsp/\libhal_bsp.a(alt_close.o)
 .debug_aranges
                0x00000000000000c8       0x20 d:/intelFPGA_lite/GYH-WORK/Labs_and_reports/LAB7/LAB7/software/test_bsp/\libhal_bsp.a(alt_dcache_flush_all.o)
 .debug_aranges
                0x00000000000000e8       0x20 d:/intelFPGA_lite/GYH-WORK/Labs_and_reports/LAB7/LAB7/software/test_bsp/\libhal_bsp.a(alt_dev.o)
 .debug_aranges
                0x0000000000000108       0x20 d:/intelFPGA_lite/GYH-WORK/Labs_and_reports/LAB7/LAB7/software/test_bsp/\libhal_bsp.a(alt_do_ctors.o)
 .debug_aranges
                0x0000000000000128       0x20 d:/intelFPGA_lite/GYH-WORK/Labs_and_reports/LAB7/LAB7/software/test_bsp/\libhal_bsp.a(alt_do_dtors.o)
 .debug_aranges
                0x0000000000000148       0x18 d:/intelFPGA_lite/GYH-WORK/Labs_and_reports/LAB7/LAB7/software/test_bsp/\libhal_bsp.a(alt_errno.o)
 .debug_aranges
                0x0000000000000160       0x20 d:/intelFPGA_lite/GYH-WORK/Labs_and_reports/LAB7/LAB7/software/test_bsp/\libhal_bsp.a(alt_icache_flush_all.o)
 .debug_aranges
                0x0000000000000180       0x20 d:/intelFPGA_lite/GYH-WORK/Labs_and_reports/LAB7/LAB7/software/test_bsp/\libhal_bsp.a(alt_release_fd.o)
 .debug_aranges
                0x00000000000001a0       0x20 d:/intelFPGA_lite/GYH-WORK/Labs_and_reports/LAB7/LAB7/software/test_bsp/\libhal_bsp.a(altera_nios2_gen2_irq.o)
 .debug_aranges
                0x00000000000001c0       0x20 d:/intelfpga_lite/20.1/nios2eds/bin/gnu/h-x86_64-mingw32/bin/../lib/gcc/nios2-elf/10.1.1/../../../../../H-x86_64-mingw32/nios2-elf/lib/mno-hw-mul\libc.a(lib_a-atexit.o)
 .debug_aranges
                0x00000000000001e0       0x20 d:/intelfpga_lite/20.1/nios2eds/bin/gnu/h-x86_64-mingw32/bin/../lib/gcc/nios2-elf/10.1.1/../../../../../H-x86_64-mingw32/nios2-elf/lib/mno-hw-mul\libc.a(lib_a-exit.o)
 .debug_aranges
                0x0000000000000200       0x18 d:/intelfpga_lite/20.1/nios2eds/bin/gnu/h-x86_64-mingw32/bin/../lib/gcc/nios2-elf/10.1.1/../../../../../H-x86_64-mingw32/nios2-elf/lib/mno-hw-mul\libc.a(lib_a-impure.o)
 .debug_aranges
                0x0000000000000218       0x18 d:/intelfpga_lite/20.1/nios2eds/bin/gnu/h-x86_64-mingw32/bin/../lib/gcc/nios2-elf/10.1.1/../../../../../H-x86_64-mingw32/nios2-elf/lib/mno-hw-mul\libc.a(lib_a-int_errno.o)
 .debug_aranges
                0x0000000000000230       0x20 d:/intelfpga_lite/20.1/nios2eds/bin/gnu/h-x86_64-mingw32/bin/../lib/gcc/nios2-elf/10.1.1/../../../../../H-x86_64-mingw32/nios2-elf/lib/mno-hw-mul\libc.a(lib_a-__atexit.o)
 .debug_aranges
                0x0000000000000250       0x20 d:/intelfpga_lite/20.1/nios2eds/bin/gnu/h-x86_64-mingw32/bin/../lib/gcc/nios2-elf/10.1.1/../../../../../H-x86_64-mingw32/nios2-elf/lib/mno-hw-mul\libc.a(lib_a-__call_atexit.o)
 .debug_aranges
                0x0000000000000270       0x20 d:/intelFPGA_lite/GYH-WORK/Labs_and_reports/LAB7/LAB7/software/test_bsp/\libhal_bsp.a(alt_exit.o)

.debug_pubnames
 *(.debug_pubnames)

.debug_info     0x0000000000000000     0x3b47
 *(.debug_info .gnu.linkonce.wi.*)
 .debug_info    0x0000000000000000       0x22 d:/intelFPGA_lite/GYH-WORK/Labs_and_reports/LAB7/LAB7/software/test_bsp//obj/HAL/src/crt0.o
 .debug_info    0x0000000000000022       0xb4 obj/default/main.o
 .debug_info    0x00000000000000d6      0x14d d:/intelFPGA_lite/GYH-WORK/Labs_and_reports/LAB7/LAB7/software/test_bsp/\libhal_bsp.a(alt_load.o)
 .debug_info    0x0000000000000223       0xef d:/intelFPGA_lite/GYH-WORK/Labs_and_reports/LAB7/LAB7/software/test_bsp/\libhal_bsp.a(alt_main.o)
 .debug_info    0x0000000000000312       0xd2 d:/intelFPGA_lite/GYH-WORK/Labs_and_reports/LAB7/LAB7/software/test_bsp/\libhal_bsp.a(alt_sys_init.o)
 .debug_info    0x00000000000003e4      0x32c d:/intelFPGA_lite/GYH-WORK/Labs_and_reports/LAB7/LAB7/software/test_bsp/\libhal_bsp.a(alt_close.o)
 .debug_info    0x0000000000000710       0x8c d:/intelFPGA_lite/GYH-WORK/Labs_and_reports/LAB7/LAB7/software/test_bsp/\libhal_bsp.a(alt_dcache_flush_all.o)
 .debug_info    0x000000000000079c      0x57d d:/intelFPGA_lite/GYH-WORK/Labs_and_reports/LAB7/LAB7/software/test_bsp/\libhal_bsp.a(alt_dev.o)
 .debug_info    0x0000000000000d19       0x88 d:/intelFPGA_lite/GYH-WORK/Labs_and_reports/LAB7/LAB7/software/test_bsp/\libhal_bsp.a(alt_do_ctors.o)
 .debug_info    0x0000000000000da1       0x88 d:/intelFPGA_lite/GYH-WORK/Labs_and_reports/LAB7/LAB7/software/test_bsp/\libhal_bsp.a(alt_do_dtors.o)
 .debug_info    0x0000000000000e29       0x9d d:/intelFPGA_lite/GYH-WORK/Labs_and_reports/LAB7/LAB7/software/test_bsp/\libhal_bsp.a(alt_errno.o)
 .debug_info    0x0000000000000ec6       0x8c d:/intelFPGA_lite/GYH-WORK/Labs_and_reports/LAB7/LAB7/software/test_bsp/\libhal_bsp.a(alt_icache_flush_all.o)
 .debug_info    0x0000000000000f52      0x2b9 d:/intelFPGA_lite/GYH-WORK/Labs_and_reports/LAB7/LAB7/software/test_bsp/\libhal_bsp.a(alt_release_fd.o)
 .debug_info    0x000000000000120b       0x8c d:/intelFPGA_lite/GYH-WORK/Labs_and_reports/LAB7/LAB7/software/test_bsp/\libhal_bsp.a(altera_nios2_gen2_irq.o)
 .debug_info    0x0000000000001297      0x100 d:/intelfpga_lite/20.1/nios2eds/bin/gnu/h-x86_64-mingw32/bin/../lib/gcc/nios2-elf/10.1.1/../../../../../H-x86_64-mingw32/nios2-elf/lib/mno-hw-mul\libc.a(lib_a-atexit.o)
 .debug_info    0x0000000000001397      0x970 d:/intelfpga_lite/20.1/nios2eds/bin/gnu/h-x86_64-mingw32/bin/../lib/gcc/nios2-elf/10.1.1/../../../../../H-x86_64-mingw32/nios2-elf/lib/mno-hw-mul\libc.a(lib_a-exit.o)
 .debug_info    0x0000000000001d07      0x931 d:/intelfpga_lite/20.1/nios2eds/bin/gnu/h-x86_64-mingw32/bin/../lib/gcc/nios2-elf/10.1.1/../../../../../H-x86_64-mingw32/nios2-elf/lib/mno-hw-mul\libc.a(lib_a-impure.o)
 .debug_info    0x0000000000002638       0x84 d:/intelfpga_lite/20.1/nios2eds/bin/gnu/h-x86_64-mingw32/bin/../lib/gcc/nios2-elf/10.1.1/../../../../../H-x86_64-mingw32/nios2-elf/lib/mno-hw-mul\libc.a(lib_a-int_errno.o)
 .debug_info    0x00000000000026bc      0x9b1 d:/intelfpga_lite/20.1/nios2eds/bin/gnu/h-x86_64-mingw32/bin/../lib/gcc/nios2-elf/10.1.1/../../../../../H-x86_64-mingw32/nios2-elf/lib/mno-hw-mul\libc.a(lib_a-__atexit.o)
 .debug_info    0x000000000000306d      0x9f9 d:/intelfpga_lite/20.1/nios2eds/bin/gnu/h-x86_64-mingw32/bin/../lib/gcc/nios2-elf/10.1.1/../../../../../H-x86_64-mingw32/nios2-elf/lib/mno-hw-mul\libc.a(lib_a-__call_atexit.o)
 .debug_info    0x0000000000003a66       0xe1 d:/intelFPGA_lite/GYH-WORK/Labs_and_reports/LAB7/LAB7/software/test_bsp/\libhal_bsp.a(alt_exit.o)

.debug_abbrev   0x0000000000000000     0x11e3
 *(.debug_abbrev)
 .debug_abbrev  0x0000000000000000       0x12 d:/intelFPGA_lite/GYH-WORK/Labs_and_reports/LAB7/LAB7/software/test_bsp//obj/HAL/src/crt0.o
 .debug_abbrev  0x0000000000000012       0x78 obj/default/main.o
 .debug_abbrev  0x000000000000008a       0xab d:/intelFPGA_lite/GYH-WORK/Labs_and_reports/LAB7/LAB7/software/test_bsp/\libhal_bsp.a(alt_load.o)
 .debug_abbrev  0x0000000000000135       0x86 d:/intelFPGA_lite/GYH-WORK/Labs_and_reports/LAB7/LAB7/software/test_bsp/\libhal_bsp.a(alt_main.o)
 .debug_abbrev  0x00000000000001bb       0xa1 d:/intelFPGA_lite/GYH-WORK/Labs_and_reports/LAB7/LAB7/software/test_bsp/\libhal_bsp.a(alt_sys_init.o)
 .debug_abbrev  0x000000000000025c      0x133 d:/intelFPGA_lite/GYH-WORK/Labs_and_reports/LAB7/LAB7/software/test_bsp/\libhal_bsp.a(alt_close.o)
 .debug_abbrev  0x000000000000038f       0x44 d:/intelFPGA_lite/GYH-WORK/Labs_and_reports/LAB7/LAB7/software/test_bsp/\libhal_bsp.a(alt_dcache_flush_all.o)
 .debug_abbrev  0x00000000000003d3      0x117 d:/intelFPGA_lite/GYH-WORK/Labs_and_reports/LAB7/LAB7/software/test_bsp/\libhal_bsp.a(alt_dev.o)
 .debug_abbrev  0x00000000000004ea       0x81 d:/intelFPGA_lite/GYH-WORK/Labs_and_reports/LAB7/LAB7/software/test_bsp/\libhal_bsp.a(alt_do_ctors.o)
 .debug_abbrev  0x000000000000056b       0x81 d:/intelFPGA_lite/GYH-WORK/Labs_and_reports/LAB7/LAB7/software/test_bsp/\libhal_bsp.a(alt_do_dtors.o)
 .debug_abbrev  0x00000000000005ec       0x5a d:/intelFPGA_lite/GYH-WORK/Labs_and_reports/LAB7/LAB7/software/test_bsp/\libhal_bsp.a(alt_errno.o)
 .debug_abbrev  0x0000000000000646       0x44 d:/intelFPGA_lite/GYH-WORK/Labs_and_reports/LAB7/LAB7/software/test_bsp/\libhal_bsp.a(alt_icache_flush_all.o)
 .debug_abbrev  0x000000000000068a       0xea d:/intelFPGA_lite/GYH-WORK/Labs_and_reports/LAB7/LAB7/software/test_bsp/\libhal_bsp.a(alt_release_fd.o)
 .debug_abbrev  0x0000000000000774       0x44 d:/intelFPGA_lite/GYH-WORK/Labs_and_reports/LAB7/LAB7/software/test_bsp/\libhal_bsp.a(altera_nios2_gen2_irq.o)
 .debug_abbrev  0x00000000000007b8       0xb7 d:/intelfpga_lite/20.1/nios2eds/bin/gnu/h-x86_64-mingw32/bin/../lib/gcc/nios2-elf/10.1.1/../../../../../H-x86_64-mingw32/nios2-elf/lib/mno-hw-mul\libc.a(lib_a-atexit.o)
 .debug_abbrev  0x000000000000086f      0x21d d:/intelfpga_lite/20.1/nios2eds/bin/gnu/h-x86_64-mingw32/bin/../lib/gcc/nios2-elf/10.1.1/../../../../../H-x86_64-mingw32/nios2-elf/lib/mno-hw-mul\libc.a(lib_a-exit.o)
 .debug_abbrev  0x0000000000000a8c      0x1c9 d:/intelfpga_lite/20.1/nios2eds/bin/gnu/h-x86_64-mingw32/bin/../lib/gcc/nios2-elf/10.1.1/../../../../../H-x86_64-mingw32/nios2-elf/lib/mno-hw-mul\libc.a(lib_a-impure.o)
 .debug_abbrev  0x0000000000000c55       0x39 d:/intelfpga_lite/20.1/nios2eds/bin/gnu/h-x86_64-mingw32/bin/../lib/gcc/nios2-elf/10.1.1/../../../../../H-x86_64-mingw32/nios2-elf/lib/mno-hw-mul\libc.a(lib_a-int_errno.o)
 .debug_abbrev  0x0000000000000c8e      0x250 d:/intelfpga_lite/20.1/nios2eds/bin/gnu/h-x86_64-mingw32/bin/../lib/gcc/nios2-elf/10.1.1/../../../../../H-x86_64-mingw32/nios2-elf/lib/mno-hw-mul\libc.a(lib_a-__atexit.o)
 .debug_abbrev  0x0000000000000ede      0x259 d:/intelfpga_lite/20.1/nios2eds/bin/gnu/h-x86_64-mingw32/bin/../lib/gcc/nios2-elf/10.1.1/../../../../../H-x86_64-mingw32/nios2-elf/lib/mno-hw-mul\libc.a(lib_a-__call_atexit.o)
 .debug_abbrev  0x0000000000001137       0xac d:/intelFPGA_lite/GYH-WORK/Labs_and_reports/LAB7/LAB7/software/test_bsp/\libhal_bsp.a(alt_exit.o)

.debug_line     0x0000000000000000     0x12d0
 *(.debug_line)
 .debug_line    0x0000000000000000       0x66 d:/intelFPGA_lite/GYH-WORK/Labs_and_reports/LAB7/LAB7/software/test_bsp//obj/HAL/src/crt0.o
 .debug_line    0x0000000000000066       0x8a obj/default/main.o
 .debug_line    0x00000000000000f0       0xa6 d:/intelFPGA_lite/GYH-WORK/Labs_and_reports/LAB7/LAB7/software/test_bsp/\libhal_bsp.a(alt_load.o)
 .debug_line    0x0000000000000196       0x7d d:/intelFPGA_lite/GYH-WORK/Labs_and_reports/LAB7/LAB7/software/test_bsp/\libhal_bsp.a(alt_main.o)
 .debug_line    0x0000000000000213       0x77 d:/intelFPGA_lite/GYH-WORK/Labs_and_reports/LAB7/LAB7/software/test_bsp/\libhal_bsp.a(alt_sys_init.o)
 .debug_line    0x000000000000028a      0x1ad d:/intelFPGA_lite/GYH-WORK/Labs_and_reports/LAB7/LAB7/software/test_bsp/\libhal_bsp.a(alt_close.o)
 .debug_line    0x0000000000000437       0x53 d:/intelFPGA_lite/GYH-WORK/Labs_and_reports/LAB7/LAB7/software/test_bsp/\libhal_bsp.a(alt_dcache_flush_all.o)
 .debug_line    0x000000000000048a      0x19f d:/intelFPGA_lite/GYH-WORK/Labs_and_reports/LAB7/LAB7/software/test_bsp/\libhal_bsp.a(alt_dev.o)
 .debug_line    0x0000000000000629       0x66 d:/intelFPGA_lite/GYH-WORK/Labs_and_reports/LAB7/LAB7/software/test_bsp/\libhal_bsp.a(alt_do_ctors.o)
 .debug_line    0x000000000000068f       0x66 d:/intelFPGA_lite/GYH-WORK/Labs_and_reports/LAB7/LAB7/software/test_bsp/\libhal_bsp.a(alt_do_dtors.o)
 .debug_line    0x00000000000006f5       0x51 d:/intelFPGA_lite/GYH-WORK/Labs_and_reports/LAB7/LAB7/software/test_bsp/\libhal_bsp.a(alt_errno.o)
 .debug_line    0x0000000000000746       0x51 d:/intelFPGA_lite/GYH-WORK/Labs_and_reports/LAB7/LAB7/software/test_bsp/\libhal_bsp.a(alt_icache_flush_all.o)
 .debug_line    0x0000000000000797       0xb6 d:/intelFPGA_lite/GYH-WORK/Labs_and_reports/LAB7/LAB7/software/test_bsp/\libhal_bsp.a(alt_release_fd.o)
 .debug_line    0x000000000000084d       0x57 d:/intelFPGA_lite/GYH-WORK/Labs_and_reports/LAB7/LAB7/software/test_bsp/\libhal_bsp.a(altera_nios2_gen2_irq.o)
 .debug_line    0x00000000000008a4       0xf7 d:/intelfpga_lite/20.1/nios2eds/bin/gnu/h-x86_64-mingw32/bin/../lib/gcc/nios2-elf/10.1.1/../../../../../H-x86_64-mingw32/nios2-elf/lib/mno-hw-mul\libc.a(lib_a-atexit.o)
 .debug_line    0x000000000000099b      0x22a d:/intelfpga_lite/20.1/nios2eds/bin/gnu/h-x86_64-mingw32/bin/../lib/gcc/nios2-elf/10.1.1/../../../../../H-x86_64-mingw32/nios2-elf/lib/mno-hw-mul\libc.a(lib_a-exit.o)
 .debug_line    0x0000000000000bc5      0x167 d:/intelfpga_lite/20.1/nios2eds/bin/gnu/h-x86_64-mingw32/bin/../lib/gcc/nios2-elf/10.1.1/../../../../../H-x86_64-mingw32/nios2-elf/lib/mno-hw-mul\libc.a(lib_a-impure.o)
 .debug_line    0x0000000000000d2c       0x61 d:/intelfpga_lite/20.1/nios2eds/bin/gnu/h-x86_64-mingw32/bin/../lib/gcc/nios2-elf/10.1.1/../../../../../H-x86_64-mingw32/nios2-elf/lib/mno-hw-mul\libc.a(lib_a-int_errno.o)
 .debug_line    0x0000000000000d8d      0x21b d:/intelfpga_lite/20.1/nios2eds/bin/gnu/h-x86_64-mingw32/bin/../lib/gcc/nios2-elf/10.1.1/../../../../../H-x86_64-mingw32/nios2-elf/lib/mno-hw-mul\libc.a(lib_a-__atexit.o)
 .debug_line    0x0000000000000fa8      0x2a3 d:/intelfpga_lite/20.1/nios2eds/bin/gnu/h-x86_64-mingw32/bin/../lib/gcc/nios2-elf/10.1.1/../../../../../H-x86_64-mingw32/nios2-elf/lib/mno-hw-mul\libc.a(lib_a-__call_atexit.o)
 .debug_line    0x000000000000124b       0x85 d:/intelFPGA_lite/GYH-WORK/Labs_and_reports/LAB7/LAB7/software/test_bsp/\libhal_bsp.a(alt_exit.o)

.debug_frame    0x0000000000000000      0x3cc
 *(.debug_frame)
 .debug_frame   0x0000000000000000       0x2c obj/default/main.o
 .debug_frame   0x000000000000002c       0x5c d:/intelFPGA_lite/GYH-WORK/Labs_and_reports/LAB7/LAB7/software/test_bsp/\libhal_bsp.a(alt_load.o)
 .debug_frame   0x0000000000000088       0x2c d:/intelFPGA_lite/GYH-WORK/Labs_and_reports/LAB7/LAB7/software/test_bsp/\libhal_bsp.a(alt_main.o)
 .debug_frame   0x00000000000000b4       0x5c d:/intelFPGA_lite/GYH-WORK/Labs_and_reports/LAB7/LAB7/software/test_bsp/\libhal_bsp.a(alt_sys_init.o)
 .debug_frame   0x0000000000000110       0x60 d:/intelFPGA_lite/GYH-WORK/Labs_and_reports/LAB7/LAB7/software/test_bsp/\libhal_bsp.a(alt_close.o)
 .debug_frame   0x0000000000000170       0x34 d:/intelFPGA_lite/GYH-WORK/Labs_and_reports/LAB7/LAB7/software/test_bsp/\libhal_bsp.a(alt_dcache_flush_all.o)
 .debug_frame   0x00000000000001a4       0x34 d:/intelFPGA_lite/GYH-WORK/Labs_and_reports/LAB7/LAB7/software/test_bsp/\libhal_bsp.a(alt_dev.o)
 .debug_frame   0x00000000000001d8       0x38 d:/intelFPGA_lite/GYH-WORK/Labs_and_reports/LAB7/LAB7/software/test_bsp/\libhal_bsp.a(alt_do_ctors.o)
 .debug_frame   0x0000000000000210       0x38 d:/intelFPGA_lite/GYH-WORK/Labs_and_reports/LAB7/LAB7/software/test_bsp/\libhal_bsp.a(alt_do_dtors.o)
 .debug_frame   0x0000000000000248       0x34 d:/intelFPGA_lite/GYH-WORK/Labs_and_reports/LAB7/LAB7/software/test_bsp/\libhal_bsp.a(alt_icache_flush_all.o)
 .debug_frame   0x000000000000027c       0x34 d:/intelFPGA_lite/GYH-WORK/Labs_and_reports/LAB7/LAB7/software/test_bsp/\libhal_bsp.a(alt_release_fd.o)
 .debug_frame   0x00000000000002b0       0x34 d:/intelFPGA_lite/GYH-WORK/Labs_and_reports/LAB7/LAB7/software/test_bsp/\libhal_bsp.a(altera_nios2_gen2_irq.o)
 .debug_frame   0x00000000000002e4       0x20 d:/intelfpga_lite/20.1/nios2eds/bin/gnu/h-x86_64-mingw32/bin/../lib/gcc/nios2-elf/10.1.1/../../../../../H-x86_64-mingw32/nios2-elf/lib/mno-hw-mul\libc.a(lib_a-atexit.o)
 .debug_frame   0x0000000000000304       0x28 d:/intelfpga_lite/20.1/nios2eds/bin/gnu/h-x86_64-mingw32/bin/../lib/gcc/nios2-elf/10.1.1/../../../../../H-x86_64-mingw32/nios2-elf/lib/mno-hw-mul\libc.a(lib_a-exit.o)
 .debug_frame   0x000000000000032c       0x20 d:/intelfpga_lite/20.1/nios2eds/bin/gnu/h-x86_64-mingw32/bin/../lib/gcc/nios2-elf/10.1.1/../../../../../H-x86_64-mingw32/nios2-elf/lib/mno-hw-mul\libc.a(lib_a-__atexit.o)
 .debug_frame   0x000000000000034c       0x54 d:/intelfpga_lite/20.1/nios2eds/bin/gnu/h-x86_64-mingw32/bin/../lib/gcc/nios2-elf/10.1.1/../../../../../H-x86_64-mingw32/nios2-elf/lib/mno-hw-mul\libc.a(lib_a-__call_atexit.o)
 .debug_frame   0x00000000000003a0       0x2c d:/intelFPGA_lite/GYH-WORK/Labs_and_reports/LAB7/LAB7/software/test_bsp/\libhal_bsp.a(alt_exit.o)

.debug_str      0x0000000000000000      0xdcb
 *(.debug_str)
 .debug_str     0x0000000000000000       0x66 d:/intelFPGA_lite/GYH-WORK/Labs_and_reports/LAB7/LAB7/software/test_bsp//obj/HAL/src/crt0.o
 .debug_str     0x0000000000000066       0xac obj/default/main.o
                                         0xd0 (size before relaxing)
 .debug_str     0x0000000000000112      0x14d d:/intelFPGA_lite/GYH-WORK/Labs_and_reports/LAB7/LAB7/software/test_bsp/\libhal_bsp.a(alt_load.o)
                                        0x221 (size before relaxing)
 .debug_str     0x000000000000025f       0x44 d:/intelFPGA_lite/GYH-WORK/Labs_and_reports/LAB7/LAB7/software/test_bsp/\libhal_bsp.a(alt_main.o)
                                        0x17b (size before relaxing)
 .debug_str     0x00000000000002a3       0x47 d:/intelFPGA_lite/GYH-WORK/Labs_and_reports/LAB7/LAB7/software/test_bsp/\libhal_bsp.a(alt_sys_init.o)
                                        0x17c (size before relaxing)
 .debug_str     0x00000000000002ea       0xb6 d:/intelFPGA_lite/GYH-WORK/Labs_and_reports/LAB7/LAB7/software/test_bsp/\libhal_bsp.a(alt_close.o)
                                        0x20d (size before relaxing)
 .debug_str     0x00000000000003a0       0x34 d:/intelFPGA_lite/GYH-WORK/Labs_and_reports/LAB7/LAB7/software/test_bsp/\libhal_bsp.a(alt_dcache_flush_all.o)
                                        0x164 (size before relaxing)
 .debug_str     0x00000000000003d4      0x15d d:/intelFPGA_lite/GYH-WORK/Labs_and_reports/LAB7/LAB7/software/test_bsp/\libhal_bsp.a(alt_dev.o)
                                        0x373 (size before relaxing)
 .debug_str     0x0000000000000531       0x48 d:/intelFPGA_lite/GYH-WORK/Labs_and_reports/LAB7/LAB7/software/test_bsp/\libhal_bsp.a(alt_do_ctors.o)
                                         0xe8 (size before relaxing)
 .debug_str     0x0000000000000579       0x4c d:/intelFPGA_lite/GYH-WORK/Labs_and_reports/LAB7/LAB7/software/test_bsp/\libhal_bsp.a(alt_do_dtors.o)
                                         0xe7 (size before relaxing)
 .debug_str     0x00000000000005c5       0x14 d:/intelFPGA_lite/GYH-WORK/Labs_and_reports/LAB7/LAB7/software/test_bsp/\libhal_bsp.a(alt_errno.o)
                                        0x14e (size before relaxing)
 .debug_str     0x00000000000005d9       0x34 d:/intelFPGA_lite/GYH-WORK/Labs_and_reports/LAB7/LAB7/software/test_bsp/\libhal_bsp.a(alt_icache_flush_all.o)
                                        0x164 (size before relaxing)
 .debug_str     0x000000000000060d       0x28 d:/intelFPGA_lite/GYH-WORK/Labs_and_reports/LAB7/LAB7/software/test_bsp/\libhal_bsp.a(alt_release_fd.o)
                                        0x1de (size before relaxing)
 .debug_str     0x0000000000000635       0x3b d:/intelFPGA_lite/GYH-WORK/Labs_and_reports/LAB7/LAB7/software/test_bsp/\libhal_bsp.a(altera_nios2_gen2_irq.o)
                                        0x16b (size before relaxing)
 .debug_str     0x0000000000000670      0x17c d:/intelfpga_lite/20.1/nios2eds/bin/gnu/h-x86_64-mingw32/bin/../lib/gcc/nios2-elf/10.1.1/../../../../../H-x86_64-mingw32/nios2-elf/lib/mno-hw-mul\libc.a(lib_a-atexit.o)
                                        0x218 (size before relaxing)
 .debug_str     0x00000000000007ec      0x3e8 d:/intelfpga_lite/20.1/nios2eds/bin/gnu/h-x86_64-mingw32/bin/../lib/gcc/nios2-elf/10.1.1/../../../../../H-x86_64-mingw32/nios2-elf/lib/mno-hw-mul\libc.a(lib_a-exit.o)
                                        0x5bf (size before relaxing)
 .debug_str     0x0000000000000bd4       0xd9 d:/intelfpga_lite/20.1/nios2eds/bin/gnu/h-x86_64-mingw32/bin/../lib/gcc/nios2-elf/10.1.1/../../../../../H-x86_64-mingw32/nios2-elf/lib/mno-hw-mul\libc.a(lib_a-impure.o)
                                        0x5b6 (size before relaxing)
 .debug_str     0x0000000000000cad       0x41 d:/intelfpga_lite/20.1/nios2eds/bin/gnu/h-x86_64-mingw32/bin/../lib/gcc/nios2-elf/10.1.1/../../../../../H-x86_64-mingw32/nios2-elf/lib/mno-hw-mul\libc.a(lib_a-int_errno.o)
                                        0x1d4 (size before relaxing)
 .debug_str     0x0000000000000cee       0x46 d:/intelfpga_lite/20.1/nios2eds/bin/gnu/h-x86_64-mingw32/bin/../lib/gcc/nios2-elf/10.1.1/../../../../../H-x86_64-mingw32/nios2-elf/lib/mno-hw-mul\libc.a(lib_a-__atexit.o)
                                        0x5f0 (size before relaxing)
 .debug_str     0x0000000000000d34       0x6d d:/intelfpga_lite/20.1/nios2eds/bin/gnu/h-x86_64-mingw32/bin/../lib/gcc/nios2-elf/10.1.1/../../../../../H-x86_64-mingw32/nios2-elf/lib/mno-hw-mul\libc.a(lib_a-__call_atexit.o)
                                        0x5e9 (size before relaxing)
 .debug_str     0x0000000000000da1       0x2a d:/intelFPGA_lite/GYH-WORK/Labs_and_reports/LAB7/LAB7/software/test_bsp/\libhal_bsp.a(alt_exit.o)
                                        0x160 (size before relaxing)

.debug_loc      0x0000000000000000      0x315
 *(.debug_loc)
 .debug_loc     0x0000000000000000       0x32 d:/intelfpga_lite/20.1/nios2eds/bin/gnu/h-x86_64-mingw32/bin/../lib/gcc/nios2-elf/10.1.1/../../../../../H-x86_64-mingw32/nios2-elf/lib/mno-hw-mul\libc.a(lib_a-atexit.o)
 .debug_loc     0x0000000000000032       0x22 d:/intelfpga_lite/20.1/nios2eds/bin/gnu/h-x86_64-mingw32/bin/../lib/gcc/nios2-elf/10.1.1/../../../../../H-x86_64-mingw32/nios2-elf/lib/mno-hw-mul\libc.a(lib_a-exit.o)
 .debug_loc     0x0000000000000054       0xf7 d:/intelfpga_lite/20.1/nios2eds/bin/gnu/h-x86_64-mingw32/bin/../lib/gcc/nios2-elf/10.1.1/../../../../../H-x86_64-mingw32/nios2-elf/lib/mno-hw-mul\libc.a(lib_a-__atexit.o)
 .debug_loc     0x000000000000014b      0x1ca d:/intelfpga_lite/20.1/nios2eds/bin/gnu/h-x86_64-mingw32/bin/../lib/gcc/nios2-elf/10.1.1/../../../../../H-x86_64-mingw32/nios2-elf/lib/mno-hw-mul\libc.a(lib_a-__call_atexit.o)

.debug_macinfo
 *(.debug_macinfo)

.debug_weaknames
 *(.debug_weaknames)

.debug_funcnames
 *(.debug_funcnames)

.debug_typenames
 *(.debug_typenames)

.debug_varnames
 *(.debug_varnames)

.debug_alt_sim_info
                0x0000000000000000       0x10
 *(.debug_alt_sim_info)
 .debug_alt_sim_info
                0x0000000000000000       0x10 d:/intelFPGA_lite/GYH-WORK/Labs_and_reports/LAB7/LAB7/software/test_bsp//obj/HAL/src/crt0.o
                0x0000000003000000                __alt_data_end = 0x3000000
                0x0000000003000000                PROVIDE (__alt_stack_pointer = __alt_data_end)
                [!provide]                        PROVIDE (__alt_stack_limit = __alt_stack_base)
                [!provide]                        PROVIDE (__alt_heap_start = end)
                [!provide]                        PROVIDE (__alt_heap_limit = 0x3000000)
OUTPUT(test.elf elf32-littlenios2)
LOAD linker stubs

.debug_ranges   0x0000000000000000       0x88
 .debug_ranges  0x0000000000000000       0x20 d:/intelFPGA_lite/GYH-WORK/Labs_and_reports/LAB7/LAB7/software/test_bsp//obj/HAL/src/crt0.o
 .debug_ranges  0x0000000000000020       0x10 d:/intelfpga_lite/20.1/nios2eds/bin/gnu/h-x86_64-mingw32/bin/../lib/gcc/nios2-elf/10.1.1/../../../../../H-x86_64-mingw32/nios2-elf/lib/mno-hw-mul\libc.a(lib_a-atexit.o)
 .debug_ranges  0x0000000000000030       0x10 d:/intelfpga_lite/20.1/nios2eds/bin/gnu/h-x86_64-mingw32/bin/../lib/gcc/nios2-elf/10.1.1/../../../../../H-x86_64-mingw32/nios2-elf/lib/mno-hw-mul\libc.a(lib_a-exit.o)
 .debug_ranges  0x0000000000000040       0x10 d:/intelfpga_lite/20.1/nios2eds/bin/gnu/h-x86_64-mingw32/bin/../lib/gcc/nios2-elf/10.1.1/../../../../../H-x86_64-mingw32/nios2-elf/lib/mno-hw-mul\libc.a(lib_a-__atexit.o)
 .debug_ranges  0x0000000000000050       0x38 d:/intelfpga_lite/20.1/nios2eds/bin/gnu/h-x86_64-mingw32/bin/../lib/gcc/nios2-elf/10.1.1/../../../../../H-x86_64-mingw32/nios2-elf/lib/mno-hw-mul\libc.a(lib_a-__call_atexit.o)
